// Jest Snapshot v1, https://goo.gl/fbAQLP

exports[`TrialStatusWidget component without the optional containerId prop matches the snapshot for namespace in active trial 1`] = `
<gllink-stub
  href="billing/path-for/group"
  title="Ultimate Trial"
>
  <div
    class="gl-align-items-stretch gl-display-flex gl-flex-direction-column gl-w-full"
    data-testid="widget-menu"
  >
    <div>
      <div
        class="gl-display-flex gl-w-full"
      >
        <span
          class="gl-mr-3 nav-icon-container svg-container"
        >
          <img
            alt=""
            class="svg"
            src="illustrations/gitlab_logo.svg"
            width="16"
          />
        </span>
        <span
          class="gl-flex-grow-1 nav-item-name"
        >
          Ultimate Trial
        </span>
        <span
          class="collapse-text gl-font-sm gl-mr-auto"
        >
          Day 10/30
        </span>
      </div>
      <div
        class="gl-align-items-stretch gl-display-flex gl-mt-2"
      >
        <div
          aria-hidden="true"
          class="gl-flex-grow-1 progress"
        >
          <div
            aria-valuemax="100"
            aria-valuemin="0"
            aria-valuenow="10"
            class="progress-bar"
            role="progressbar"
            style="width: 10%;"
          />
        </div>
      </div>
    </div>
  </div>
</gllink-stub>
`;

exports[`TrialStatusWidget component without the optional containerId prop matches the snapshot for namespace not in active trial 1`] = `
<gllink-stub
  href="billing/path-for/group"
  title="Your 30-day trial has ended"
>
  <div
    class="gl-align-items-stretch gl-display-flex gl-flex-direction-column gl-w-full"
    data-testid="widget-menu"
  >
    <div
      class="gl-display-flex gl-gap-5 gl-px-2 gl-w-full"
    >
      <svg
        aria-hidden="true"
        class="gl-icon gl-text-blue-600! s16"
        data-testid="information-o-icon"
        role="img"
      >
        <use
          href="file-mock#information-o"
        />
      </svg>
      <div>
        <div
          class="gl-font-weight-bold"
        >
          Your 30-day trial has ended
        </div>
        <div
          class="gl-mt-3"
        >
          Looking to do more with GitLab?
        </div>
      </div>
    </div>
  </div>
</gllink-stub>
`;
